[{"id": "test id", "author": {"screen_name": "test_screen_name", "avatar": "test_image", "name": "test_name", "verified": true, "protected": false}, "date": "test date", "text": "test text", "quoted": null, "replying_to": "test reply", "retweet_count": 3, "user_retweeted": false, "like_count": 2, "user_liked": true, "urls": [{"short": "test url", "target": "test expanded url"}], "media": [{"display_url": "test display url", "url": "test url", "media_url": "test https", "alt": "test alt", "type": "test type", "video": "test video info"}], "retweeted_status": null}, {"id": "test id", "author": {"screen_name": "test_screen_name", "avatar": "test_image", "name": "test_name", "verified": true, "protected": false}, "date": "test date", "text": "test", "quoted": {"id": "test id", "author": {"screen_name": "test_screen_name", "avatar": "test_image", "name": "test_name", "verified": true, "protected": false}, "date": "test date", "text": "test text", "quoted": null, "replying_to": "test reply", "retweet_count": 3, "user_retweeted": false, "like_count": 2, "user_liked": true, "urls": [{"short": "test url", "target": "test expanded url"}], "media": [{"display_url": "test display url", "url": "test url", "media_url": "test https", "alt": "test alt", "type": "test type", "video": "test video info"}], "retweeted_status": null}, "replying_to": "test reply", "retweet_count": 3, "user_retweeted": false, "like_count": 2, "user_liked": true, "urls": [{"short": "test url", "target": "test expanded url"}], "media": [], "retweeted_status": {"id": "test id", "author": {"screen_name": "test_screen_name", "avatar": "test_image", "name": "test_name", "verified": true, "protected": false}, "date": "test date", "text": "test text", "quoted": null, "replying_to": "test reply", "retweet_count": 3, "user_retweeted": false, "like_count": 2, "user_liked": true, "urls": [{"short": "test url", "target": "test expanded url"}], "media": [{"display_url": "test display url", "url": "test url", "media_url": "test https", "alt": "test alt", "type": "test type", "video": "test video info"}], "retweeted_status": null}}]