[[], {"consumer_key": "", "consumer_secret": "", "access_token_key": "key-test", "access_token_secret": "secret-test", "tweet_mode": "extended"}]